2026-08-16 06:17:33 +0000 [MT] Initial pipeline context: <IDEDistributionProcessingPipelineContext: 0x8e5f76d00; archive(resolved)="<IDEArchive: 0x8e39341c0>", distributionTask(resolved)="2", distributionDestination(resolved)="1", distributionMethod(resolved)="<IDEDistributionMethodDevelopmentSigned: 0x8e44ffac0>", team(resolved)="<IDEProvisioningBasicTeam: 0x8e6096300; teamID='4VF7272J66', teamName='(null)'>">
	Chain (14, self inclusive):
	<IDEDistributionProcessingPipelineContext: 0x8e5f76d00; archive = "<IDEArchive: 0x8e39341c0>", distributionMethod="<IDEDistributionMethodDevelopmentSigned: 0x8e44ffac0>", team="<IDEProvisioningBasicTeam: 0x8e6096300; teamID='4VF7272J66', teamName='(null)'>">
	<IDEDistributionProcessingPipelineContext: 0x8e5f75e00; archive = "<IDEArchive: 0x8e39341c0>", distributionMethod="<IDEDistributionMethodDevelopmentSigned: 0x8e44ffac0>", team="<IDEProvisioningBasicTeam: 0x8e6096300; teamID='4VF7272J66', teamName='(null)'>">
	<IDEDistributionContext: 0x8e3a1a800; archive = "<IDEArchive: 0x8e39341c0>", distributionMethod="<IDEDistributionMethodDevelopmentSigned: 0x8e44ffac0>", team="<IDEProvisioningBasicTeam: 0x8e6096300; teamID='4VF7272J66', teamName='(null)'>">
	<IDEDistributionContext: 0x8e3a19b80; archive = "<IDEArchive: 0x8e39341c0>", distributionMethod="<IDEDistributionMethodDevelopmentSigned: 0x8e44ffac0>", team="<IDEProvisioningBasicTeam: 0x8e6096300; teamID='4VF7272J66', teamName='(null)'>">
	<IDEDistributionContext: 0x8e3a19900; archive = "<IDEArchive: 0x8e39341c0>", distributionMethod="<IDEDistributionMethodDevelopmentSigned: 0x8e44ffac0>", team="<IDEProvisioningBasicTeam: 0x8e6096300; teamID='4VF7272J66', teamName='(null)'>">
	<IDEDistributionContext: 0x8e3a19680; archive = "<IDEArchive: 0x8e39341c0>", distributionMethod="<IDEDistributionMethodDevelopmentSigned: 0x8e44ffac0>", team="<IDEProvisioningBasicTeam: 0x8e6096300; teamID='4VF7272J66', teamName='(null)'>">
	<IDEDistributionContext: 0x8e3a19400; archive = "<IDEArchive: 0x8e39341c0>", distributionMethod="<IDEDistributionMethodDevelopmentSigned: 0x8e44ffac0>", team="<IDEProvisioningBasicTeam: 0x8e6096300; teamID='4VF7272J66', teamName='(null)'>">
	<IDEDistributionContext: 0x8e3a19180; archive = "<IDEArchive: 0x8e39341c0>", distributionMethod="<IDEDistributionMethodDevelopmentSigned: 0x8e44ffac0>", team="<IDEProvisioningBasicTeam: 0x8e6096300; teamID='4VF7272J66', teamName='(null)'>">
	<IDEDistributionContext: 0x8e3a18f00; archive = "<IDEArchive: 0x8e39341c0>", distributionMethod="<IDEDistributionMethodDevelopmentSigned: 0x8e44ffac0>", team="<IDEProvisioningBasicTeam: 0x8e6096300; teamID='4VF7272J66', teamName='(null)'>">
	<IDEDistributionContext: 0x8e3a18c80; archive = "<IDEArchive: 0x8e39341c0>", distributionMethod="<IDEDistributionMethodDevelopmentSigned: 0x8e44ffac0>", team="(null)">
	<IDEDistributionContext: 0x8e3a18a00; archive = "<IDEArchive: 0x8e39341c0>", distributionMethod="<IDEDistributionMethodDevelopmentSigned: 0x8e44ffac0>", team="(null)">
	<IDEDistributionContext: 0x8e3a18780; archive = "<IDEArchive: 0x8e39341c0>", distributionMethod="<IDEDistributionMethodDevelopmentSigned: 0x8e44ffac0>", team="(null)">
	<IDEDistributionContext: 0x8e3a18000; archive = "<IDEArchive: 0x8e39341c0>", distributionMethod="<IDEDistributionMethodDevelopmentSigned: 0x8e44ffac0>", team="(null)">
	<IDEDistributionContext: 0x102d5b700; archive = "<IDEArchive: 0x8e39341c0>", distributionMethod="(null)", team="(null)">
</IDEDistributionProcessingPipelineContext: 0x8e5f76d00>
2026-08-16 06:17:33 +0000 [MT] Processing step: IDEDistributionCreateDestRootStep
2026-08-16 06:17:33 +0000 [MT] Processing step: IDEDistributionCopyItemStep
2026-08-16 06:17:33 +0000 [MT] Running /usr/bin/ditto '-V' '/Users/jup33q/Documents/kimi/screen_aim/ios/build/AimPhone.xcarchive/Products/Applications/AimPhone.app' '/var/folders/d_/smpnz7215g93rky4nwymg43w0000gn/T/XcodeDistPipeline.~~~Gq5p6r/Root/Payload/AimPhone.app'
2026-08-16 06:17:33 +0000  >>> Copying /Users/jup33q/Documents/kimi/screen_aim/ios/build/AimPhone.xcarchive/Products/Applications/AimPhone.app 
2026-08-16 06:17:33 +0000  copying file ./_CodeSignature/CodeResources ... 
2026-08-16 06:17:33 +0000  2775 bytes for ./_CodeSignature/CodeResources
2026-08-16 06:17:33 +0000  copying file ./AppIcon60x60@2x.png ... 
2026-08-16 06:17:33 +0000  34456 bytes for ./AppIcon60x60@2x.png
2026-08-16 06:17:33 +0000  copying file ./Assets.car ... 
2026-08-16 06:17:33 +0000  3255672 bytes for ./Assets.car
2026-08-16 06:17:33 +0000  copying file ./AppIcon76x76@2x~ipad.png ... 
2026-08-16 06:17:33 +0000  53125 bytes for ./AppIcon76x76@2x~ipad.png
2026-08-16 06:17:33 +0000  copying file ./embedded.mobileprovision ... 
2026-08-16 06:17:33 +0000  12270 bytes for ./embedded.mobileprovision
2026-08-16 06:17:33 +0000  copying file ./AimPhone ... 
2026-08-16 06:17:33 +0000  494896 bytes for ./AimPhone
2026-08-16 06:17:33 +0000  copying file ./Info.plist ... 
2026-08-16 06:17:33 +0000  1413 bytes for ./Info.plist
2026-08-16 06:17:33 +0000  copying file ./PkgInfo ... 
2026-08-16 06:17:33 +0000  8 bytes for ./PkgInfo
2026-08-16 06:17:33 +0000 [MT] /usr/bin/ditto exited with 0
2026-08-16 06:17:33 +0000 [MT] Processing step: IDEDistributionEmbedProfileStep
2026-08-16 06:17:33 +0000 [MT] Processing step: IDEDistributionInfoPlistStep
2026-08-16 06:17:33 +0000 [MT] Skipping step: IDEDistributionInfoPlistStep because it said so
2026-08-16 06:17:33 +0000 [MT] Processing step: IDEDistributionAppThinningPlistStep
2026-08-16 06:17:33 +0000 [MT] Skipping step: IDEDistributionAppThinningPlistStep because it said so
2026-08-16 06:17:33 +0000 [MT] Processing step: IDEDistributionSymbolsStep
2026-08-16 06:17:33 +0000 [MT] Skipping step: IDEDistributionSymbolsStep because it said so
2026-08-16 06:17:33 +0000 [MT] Processing step: IDEDistributionAppThinningStep
2026-08-16 06:17:33 +0000 [MT] Skipping step: IDEDistributionAppThinningStep because it said so
2026-08-16 06:17:33 +0000 [MT] Processing step: IDEDistributionArchThinningStep
2026-08-16 06:17:33 +0000 [MT] Archs to thin for item /Users/jup33q/Documents/kimi/screen_aim/ios/build/AimPhone.xcarchive/Products/Applications/AimPhone.app are []
2026-08-16 06:17:33 +0000 [MT] Processing step: IDEDistributionODRStep
2026-08-16 06:17:33 +0000 [MT] Processing step: IDEDistributionStripXattrsStep
2026-08-16 06:17:33 +0000 [MT] Skipping stripping extended attributes because the codesign step will strip them.
2026-08-16 06:17:33 +0000 [MT] Processing step: IDEDistributionCodesignStep
2026-08-16 06:17:33 +0000 [MT] Entitlements for <IDEDistributionItem: 0x8e60379c0; bundleID='com.screenaim.AimPhone', path='<DVTFilePath:0x8e60357a0:'/Users/jup33q/Documents/kimi/screen_aim/ios/build/AimPhone.xcarchive/Products/Applications/AimPhone.app'>', codeSigningInfo='<_DVTCodeSigningInformation_Path: 0x8e6037780; isSigned='1', isAdHocSigned='0', signingCertificate='<DVTSigningCertificate: 0x8e60c8540; name='Apple Development: zxgzg@sh163.net (2C4Z57NY9G)', hash='F650634C1024373AF05482D01C713C14E8D48218', serialNumber='671CF7B2D846243FD350EE3C0AA29A61', certificateKinds='(
    "1.2.840.113635.100.6.1.12",
    "1.2.840.113635.100.6.1.2"
), issueDate='2026-05-13 10:54:20 +0000''>', entitlements='{
    "application-identifier" = "4VF7272J66.com.screenaim.AimPhone";
    "com.apple.developer.team-identifier" = 4VF7272J66;
    "get-task-allow" = 1;
}', teamID='4VF7272J66', identifier='com.screenaim.AimPhone', executablePath='<DVTFilePath:0x8e6037000:'/Users/jup33q/Documents/kimi/screen_aim/ios/build/AimPhone.xcarchive/Products/Applications/AimPhone.app/AimPhone'>', hardenedRuntime='0'>'>: {
    "application-identifier" = "4VF7272J66.com.screenaim.AimPhone";
    "com.apple.developer.team-identifier" = 4VF7272J66;
    "get-task-allow" = 1;
}
2026-08-16 06:17:33 +0000 [MT] Associated App Clip Identifiers Filter: Skipping because "com.apple.developer.associated-appclip-app-identifiers" is not present
2026-08-16 06:17:33 +0000 [MT] Entitlements for <IDEDistributionItem: 0x8e60379c0; bundleID='com.screenaim.AimPhone', path='<DVTFilePath:0x8e60357a0:'/Users/jup33q/Documents/kimi/screen_aim/ios/build/AimPhone.xcarchive/Products/Applications/AimPhone.app'>', codeSigningInfo='<_DVTCodeSigningInformation_Path: 0x8e6037780; isSigned='1', isAdHocSigned='0', signingCertificate='<DVTSigningCertificate: 0x8e60c8d80; name='Apple Development: zxgzg@sh163.net (2C4Z57NY9G)', hash='F650634C1024373AF05482D01C713C14E8D48218', serialNumber='671CF7B2D846243FD350EE3C0AA29A61', certificateKinds='(
    "1.2.840.113635.100.6.1.12",
    "1.2.840.113635.100.6.1.2"
), issueDate='2026-05-13 10:54:20 +0000''>', entitlements='{
    "application-identifier" = "4VF7272J66.com.screenaim.AimPhone";
    "com.apple.developer.team-identifier" = 4VF7272J66;
    "get-task-allow" = 1;
}', teamID='4VF7272J66', identifier='com.screenaim.AimPhone', executablePath='<DVTFilePath:0x8e6037000:'/Users/jup33q/Documents/kimi/screen_aim/ios/build/AimPhone.xcarchive/Products/Applications/AimPhone.app/AimPhone'>', hardenedRuntime='0'>'> are: {
    "application-identifier" = "4VF7272J66.com.screenaim.AimPhone";
    "com.apple.developer.team-identifier" = 4VF7272J66;
    "get-task-allow" = 1;
}
2026-08-16 06:17:33 +0000 [MT] Writing entitlements for <IDEDistributionItem: 0x8e60379c0; bundleID='com.screenaim.AimPhone', path='<DVTFilePath:0x8e60357a0:'/Users/jup33q/Documents/kimi/screen_aim/ios/build/AimPhone.xcarchive/Products/Applications/AimPhone.app'>', codeSigningInfo='<_DVTCodeSigningInformation_Path: 0x8e6037780; isSigned='1', isAdHocSigned='0', signingCertificate='<DVTSigningCertificate: 0x8e60c8d80; name='Apple Development: zxgzg@sh163.net (2C4Z57NY9G)', hash='F650634C1024373AF05482D01C713C14E8D48218', serialNumber='671CF7B2D846243FD350EE3C0AA29A61', certificateKinds='(
    "1.2.840.113635.100.6.1.12",
    "1.2.840.113635.100.6.1.2"
), issueDate='2026-05-13 10:54:20 +0000''>', entitlements='{
    "application-identifier" = "4VF7272J66.com.screenaim.AimPhone";
    "com.apple.developer.team-identifier" = 4VF7272J66;
    "get-task-allow" = 1;
}', teamID='4VF7272J66', identifier='com.screenaim.AimPhone', executablePath='<DVTFilePath:0x8e6037000:'/Users/jup33q/Documents/kimi/screen_aim/ios/build/AimPhone.xcarchive/Products/Applications/AimPhone.app/AimPhone'>', hardenedRuntime='0'>'> to: /var/folders/d_/smpnz7215g93rky4nwymg43w0000gn/T/XcodeDistPipeline.~~~Gq5p6r/entitlements~~~4yMp6D
2026-08-16 06:17:33 +0000 [MT] invoking codesign: <NSConcreteTask: 0x8e30cd680; launchPath='/usr/bin/codesign', arguments='(
    "-f",
    "-s",
    F650634C1024373AF05482D01C713C14E8D48218,
    "--entitlements",
    "/var/folders/d_/smpnz7215g93rky4nwymg43w0000gn/T/XcodeDistPipeline.~~~Gq5p6r/entitlements~~~4yMp6D",
    "--preserve-metadata=identifier,flags,runtime,launch-constraints,library-constraints",
    "--generate-entitlement-der",
    "--strip-disallowed-xattrs",
    "-vvv",
    "/var/folders/d_/smpnz7215g93rky4nwymg43w0000gn/T/XcodeDistPipeline.~~~Gq5p6r/Root/Payload/AimPhone.app"
)'>
2026-08-16 06:17:33 +0000 [MT] codesign output: /var/folders/d_/smpnz7215g93rky4nwymg43w0000gn/T/XcodeDistPipeline.~~~Gq5p6r/Root/Payload/AimPhone.app: replacing existing signature
/var/folders/d_/smpnz7215g93rky4nwymg43w0000gn/T/XcodeDistPipeline.~~~Gq5p6r/Root/Payload/AimPhone.app: signed app bundle with Mach-O thin (arm64) [com.screenaim.AimPhone]
2026-08-16 06:17:33 +0000 [MT] Processing step: IDEDistributionZipODRItemStep
2026-08-16 06:17:33 +0000 [MT] Skipping step: IDEDistributionZipODRItemStep because it said so
2026-08-16 06:17:33 +0000 [MT] Processing step: IDEDistributionCreateIPAStep
2026-08-16 06:17:33 +0000 [MT] Running /usr/bin/ditto '-V' '-c' '-k' '--norsrc' '/var/folders/d_/smpnz7215g93rky4nwymg43w0000gn/T/XcodeDistPipeline.~~~Gq5p6r/Root' '/var/folders/d_/smpnz7215g93rky4nwymg43w0000gn/T/XcodeDistPipeline.~~~Gq5p6r/Packages/AimPhone.ipa'
2026-08-16 06:17:33 +0000  >>> Copying /var/folders/d_/smpnz7215g93rky4nwymg43w0000gn/T/XcodeDistPipeline.~~~Gq5p6r/Root 
2026-08-16 06:17:33 +0000  copying file ./Payload/AimPhone.app/_CodeSignature/CodeResources ... 
2026-08-16 06:17:33 +0000  2775 bytes for ./Payload/AimPhone.app/_CodeSignature/CodeResources
2026-08-16 06:17:33 +0000  copying file ./Payload/AimPhone.app/AppIcon60x60@2x.png ... 
2026-08-16 06:17:33 +0000  34456 bytes for ./Payload/AimPhone.app/AppIcon60x60@2x.png
2026-08-16 06:17:33 +0000  copying file ./Payload/AimPhone.app/Assets.car ... 
2026-08-16 06:17:33 +0000  3255672 bytes for ./Payload/AimPhone.app/Assets.car
2026-08-16 06:17:33 +0000  copying file ./Payload/AimPhone.app/AppIcon76x76@2x~ipad.png ... 
2026-08-16 06:17:33 +0000  53125 bytes for ./Payload/AimPhone.app/AppIcon76x76@2x~ipad.png
2026-08-16 06:17:33 +0000  copying file ./Payload/AimPhone.app/embedded.mobileprovision ... 
2026-08-16 06:17:33 +0000  12270 bytes for ./Payload/AimPhone.app/embedded.mobileprovision
2026-08-16 06:17:33 +0000  copying file ./Payload/AimPhone.app/AimPhone ... 
2026-08-16 06:17:33 +0000  494896 bytes for ./Payload/AimPhone.app/AimPhone
2026-08-16 06:17:33 +0000  copying file ./Payload/AimPhone.app/Info.plist ... 
2026-08-16 06:17:33 +0000  1413 bytes for ./Payload/AimPhone.app/Info.plist
2026-08-16 06:17:33 +0000  copying file ./Payload/AimPhone.app/PkgInfo ... 
8 bytes for ./Payload/AimPhone.app/PkgInfo
2026-08-16 06:17:33 +0000 [MT] /usr/bin/ditto exited with 0
2026-08-16 06:17:33 +0000 [MT] Processing step: IDEDistributionAppStoreInformationStep
2026-08-16 06:17:33 +0000 [MT] Skipping step: IDEDistributionAppStoreInformationStep because it said so
2026-08-16 06:17:33 +0000 [MT] Processing step: IDEDistributionGenerateProcessedDistributionItems
2026-08-16 06:17:33 +0000 [MT] IDEDistributionItem init <DVTFilePath:0x8e580d200:'/var/folders/d_/smpnz7215g93rky4nwymg43w0000gn/T/XcodeDistPipeline.~~~Gq5p6r/Root/Payload/AimPhone.app'>
2026-08-16 06:17:33 +0000 [MT] Processing step: IDEDistributionCreateManifestStep
